{
  "color": {
    "primary": "blue"
  },
  "meta": {
    "name": {
      "full": "examples/brand-typography-simple.yml"
    }
  },
  "typography": {
    "base": {
      "family": "Open Sans",
      "line-height": 1.25,
      "size": "1rem"
    },
    "fonts": [
      {
        "family": "Open Sans",
        "source": "system"
      },
      {
        "family": "Roboto Slab",
        "source": "system"
      },
      {
        "family": "Fira Code",
        "source": "system"
      }
    ],
    "headings": {
      "color": "blue",
      "family": "Roboto Slab",
      "weight": 600
    },
    "monospace": {
      "family": "Fira Code",
      "size": "0.9em"
    },
    "monospace-block": {
      "family": "Fira Code",
      "size": "0.9em"
    },
    "monospace-inline": {
      "family": "Fira Code",
      "size": "0.9em"
    }
  }
}
