{
  "meta": {
    "name": {
      "full": "examples/brand-typography-system.yml"
    }
  },
  "typography": {
    "base": {
      "family": "Open Sans"
    },
    "fonts": [
      {
        "family": "Open Sans",
        "source": "system"
      },
      {
        "family": "Roboto Slab",
        "source": "google"
      },
      {
        "family": "Fira Code",
        "source": "google"
      }
    ],
    "headings": {
      "family": "Roboto Slab"
    },
    "monospace": {
      "family": "Fira Code"
    },
    "monospace-block": {
      "family": "Fira Code"
    },
    "monospace-inline": {
      "family": "Fira Code"
    }
  }
}
