{
  "color": {
    "background": "#FFFFFF",
    "danger": "#9A4665",
    "dark": "#404041",
    "foreground": "#151515",
    "info": "#419599",
    "light": "#FFFFFF",
    "primary": "#447099",
    "secondary": "#707073",
    "success": "#72994E",
    "tertiary": "#C2C2C4",
    "warning": "#EE6331"
  }
}
