# serializer version: 1
# name: test_brand_typography_css_fonts
  '''
  @font-face {
    font-family: 'Open Sans';
    font-weight: auto;
    font-style: normal;
    src: url('fonts/open-sans/OpenSans-Variable.ttf') format('truetype');
  }
  @font-face {
    font-family: 'Open Sans';
    font-weight: auto;
    font-style: italic;
    src: url('fonts/open-sans/OpenSans-Variable-Italic.ttf') format('truetype');
  }
  @font-face {
    font-family: 'Closed Sans';
    font-weight: bold;
    font-style: normal;
    src: url('https://example.com/Closed-Sans-Bold.woff2') format('woff2');
  }
  @font-face {
    font-family: 'Closed Sans';
    font-weight: auto;
    font-style: italic;
    src: url('https://example.com/Closed-Sans-Italic.woff2') format('woff2');
  }
  @import url('https://fonts.googleapis.com/css2?family=Roboto+Slab%3Aital%2Cwght%400%2C600&display=block');
  @import url('https://fonts.bunny.net/css?family=Fira+Code%3A100%2C100i%2C200%2C200i%2C300%2C300i%2C400%2C400i%2C500%2C500i%2C600%2C600i%2C700%2C700i%2C800%2C800i%2C900%2C900i&display=auto');
  '''
# ---
