{
  "meta": {
    "link": {
      "home": "https://very-big-corp.com/"
    },
    "name": {
      "full": "Very Big Corp. of America"
    }
  }
}
