{
  "logo": {
    "images": {
      "mark": {
        "path": "logos/pandas/pandas_mark.svg"
      },
      "mark-white": {
        "path": "logos/pandas/pandas_mark_white.svg"
      },
      "pandas": {
        "path": "logos/pandas/pandas.svg"
      },
      "pandas-white": {
        "path": "logos/pandas/pandas_white.svg"
      },
      "secondary": {
        "path": "logos/pandas/pandas_secondary.svg"
      },
      "secondary-white": {
        "path": "logos/pandas/pandas_secondary_white.svg"
      }
    },
    "large": {
      "path": "logos/pandas/pandas.svg"
    },
    "medium": {
      "dark": {
        "path": "logos/pandas/pandas_secondary_white.svg"
      },
      "light": {
        "path": "logos/pandas/pandas_secondary.svg"
      }
    },
    "small": {
      "path": "logos/pandas/pandas_mark.svg"
    }
  }
}
