{
  "logo": {
    "large": "logos/pandas/pandas.svg",
    "medium": {
      "dark": "logos/pandas/pandas_secondary_white.svg",
      "light": "logos/pandas/pandas_secondary.svg"
    },
    "small": "logos/pandas/pandas_mark.svg"
  }
}
